// Jest Snapshot v1, https://goo.gl/fbAQLP

exports[`Block Component Snapshot Tests should match snapshot - basic 1`] = `
<View
  style={{}}
>
  <Text>
    Basic Block
  </Text>
</View>
`;

exports[`Block Component Snapshot Tests should match snapshot - with all props 1`] = `
<View
  accessibilityState={
    {
      "busy": undefined,
      "checked": undefined,
      "disabled": undefined,
      "expanded": undefined,
      "selected": undefined,
    }
  }
  accessibilityValue={
    {
      "max": undefined,
      "min": undefined,
      "now": undefined,
      "text": undefined,
    }
  }
  accessible={true}
  collapsable={false}
  focusable={true}
  hitSlop={
    {
      "bottom": 10,
      "left": 10,
      "right": 10,
      "top": 10,
    }
  }
  onClick={[Function]}
  onResponderGrant={[Function]}
  onResponderMove={[Function]}
  onResponderRelease={[Function]}
  onResponderTerminate={[Function]}
  onResponderTerminationRequest={[Function]}
  onStartShouldSetResponder={[Function]}
  style={
    {
      "alignItems": "center",
      "backgroundColor": "white",
      "borderRadius": 10,
      "elevation": 2,
      "flex": 1,
      "flexDirection": "row",
      "gap": 10,
      "justifyContent": "center",
      "opacity": 1,
      "padding": 10,
      "shadowColor": "#000",
      "shadowOffset": {
        "height": 7,
        "width": 0,
      },
      "shadowOpacity": 0.07,
      "shadowRadius": 4,
    }
  }
>
  <Text>
    Full Props Block
  </Text>
</View>
`;

exports[`Block Component Snapshot Tests should match snapshot - with card style 1`] = `
<View
  style={
    {
      "backgroundColor": "white",
      "borderRadius": 16,
      "elevation": 2,
      "padding": 10,
      "shadowColor": "#000",
      "shadowOffset": {
        "height": 7,
        "width": 0,
      },
      "shadowOpacity": 0.07,
      "shadowRadius": 4,
    }
  }
>
  <Text>
    Card Block
  </Text>
</View>
`;

exports[`Block Component Snapshot Tests should match snapshot - with scroll 1`] = `
<View
  style={
    {
      "backgroundColor": "#FFFFFF",
      "flex": 1,
      "paddingTop": 44,
    }
  }
>
  <RCTScrollView
    alwaysBounceVertical={false}
    automaticallyAdjustContentInsets={false}
    bottomOffset={50}
    bounces={false}
    disableScrollOnKeyboardHide={false}
    enabled={true}
    keyboardShouldPersistTaps="handled"
    scrollEnabled={true}
    showsVerticalScrollIndicator={false}
    style={
      {
        "backgroundColor": "#FFFFFF",
      }
    }
    testID="aware_scroll_view_container"
  >
    <View>
      <Text>
        Scrollable Block
      </Text>
      <View
        style={
          {
            "height": 100,
          }
        }
        testID="sized-box"
      />
    </View>
  </RCTScrollView>
</View>
`;
